mode: set
sampleslice/main.go:11.13,12.38 1 0
sampleslice/main.go:12.38,14.3 1 0
sampleslice/config/config.go:53.35,57.2 1 1
sampleslice/config/config.go:109.54,112.2 2 1
sampleslice/config/config.go:116.48,118.21 2 1
sampleslice/config/config.go:118.21,120.3 1 1
sampleslice/config/config.go:121.2,122.26 2 1
sampleslice/config/config.go:122.26,125.52 3 1
sampleslice/config/config.go:125.52,127.4 1 1
sampleslice/config/config.go:128.3,128.23 1 1
sampleslice/config/config.go:128.23,130.4 1 1
sampleslice/config/config.go:131.3,131.21 1 1
sampleslice/config/config.go:133.2,143.8 1 1
sampleslice/config/config.go:201.35,202.23 1 1
sampleslice/config/config.go:202.23,204.3 1 1
sampleslice/config/config.go:206.2,206.68 1 1
sampleslice/config/config.go:206.68,208.3 1 1
sampleslice/config/config.go:210.2,210.33 1 1
sampleslice/config/config.go:210.33,212.3 1 1
sampleslice/config/config.go:214.2,214.34 1 1
sampleslice/config/config.go:214.34,216.3 1 0
sampleslice/config/config.go:218.2,218.22 1 1
sampleslice/config/config.go:218.22,220.3 1 1
sampleslice/config/config.go:222.2,222.23 1 1
sampleslice/config/config.go:222.23,224.3 1 1
sampleslice/config/config.go:226.2,226.15 1 1
sampleslice/config/config.go:226.15,228.3 1 0
sampleslice/config/config.go:230.2,230.40 1 1
sampleslice/config/config.go:230.40,232.3 1 1
sampleslice/config/config.go:234.2,234.71 1 1
sampleslice/config/config.go:234.71,236.3 1 0
sampleslice/config/config.go:238.2,238.99 1 1
sampleslice/config/config.go:238.99,240.3 1 0
sampleslice/config/config.go:242.2,242.37 1 1
sampleslice/config/config.go:242.37,243.72 1 0
sampleslice/config/config.go:243.72,245.4 1 0
sampleslice/config/config.go:246.3,246.32 1 0
sampleslice/config/config.go:246.32,248.4 1 0
sampleslice/config/config.go:249.3,249.66 1 0
sampleslice/config/config.go:249.66,251.4 1 0
sampleslice/config/config.go:254.2,254.12 1 1
sampleslice/slice/grid.go:22.85,23.39 1 1
sampleslice/slice/grid.go:23.39,25.3 1 1
sampleslice/slice/grid.go:27.2,29.21 3 1
sampleslice/slice/grid.go:29.21,31.3 1 0
sampleslice/slice/grid.go:33.2,44.20 8 1
sampleslice/slice/grid.go:44.20,46.28 2 1
sampleslice/slice/grid.go:46.28,47.9 1 1
sampleslice/slice/grid.go:49.3,50.25 2 1
sampleslice/slice/grid.go:50.25,51.36 1 1
sampleslice/slice/grid.go:51.36,52.10 1 1
sampleslice/slice/grid.go:54.4,54.22 1 1
sampleslice/slice/grid.go:57.3,70.5 3 1
sampleslice/slice/grid.go:73.2,73.15 1 1
sampleslice/slice/normalize.go:5.50,7.28 2 1
sampleslice/slice/normalize.go:7.28,8.12 1 1
sampleslice/slice/normalize.go:8.12,10.4 1 1
sampleslice/slice/normalize.go:11.3,11.15 1 1
sampleslice/slice/normalize.go:11.15,13.4 1 1
sampleslice/slice/normalize.go:15.2,15.30 1 1
sampleslice/slice/normalize.go:15.30,17.3 1 1
sampleslice/slice/normalize.go:18.2,20.28 3 1
sampleslice/slice/normalize.go:20.28,22.3 1 1
sampleslice/slice/normalize.go:23.2,23.12 1 1
sampleslice/slice/similarity.go:12.96,13.40 1 1
sampleslice/slice/similarity.go:13.40,15.3 1 1
sampleslice/slice/similarity.go:17.2,21.27 4 1
sampleslice/slice/similarity.go:21.27,25.37 3 1
sampleslice/slice/similarity.go:25.37,26.56 1 1
sampleslice/slice/similarity.go:26.56,28.10 2 1
sampleslice/slice/similarity.go:32.3,32.17 1 1
sampleslice/slice/similarity.go:32.17,35.4 2 1
sampleslice/slice/similarity.go:38.2,38.15 1 1
sampleslice/slice/similarity.go:43.69,46.12 3 1
sampleslice/slice/similarity.go:46.12,48.3 1 0
sampleslice/slice/similarity.go:50.2,50.31 1 1
sampleslice/slice/similarity.go:50.31,53.14 3 1
sampleslice/slice/similarity.go:53.14,55.4 1 0
sampleslice/slice/similarity.go:56.3,56.19 1 1
sampleslice/slice/similarity.go:56.19,57.12 1 1
sampleslice/slice/similarity.go:60.3,61.40 2 1
sampleslice/slice/similarity.go:61.40,63.4 1 1
sampleslice/slice/similarity.go:64.3,64.53 1 1
sampleslice/slice/similarity.go:67.2,67.16 1 1
sampleslice/slice/similarity.go:72.47,73.22 1 1
sampleslice/slice/similarity.go:73.22,75.3 1 0
sampleslice/slice/similarity.go:77.2,78.19 2 1
sampleslice/slice/similarity.go:78.19,82.3 3 1
sampleslice/slice/similarity.go:84.2,84.30 1 1
sampleslice/slice/similarity.go:84.30,86.3 1 1
sampleslice/slice/similarity.go:88.2,88.52 1 1
sampleslice/slice/slicer.go:49.119,50.23 1 1
sampleslice/slice/slicer.go:50.23,52.3 1 1
sampleslice/slice/slicer.go:53.2,53.26 1 1
sampleslice/slice/slicer.go:53.26,55.3 1 1
sampleslice/slice/slicer.go:57.2,65.31 6 1
sampleslice/slice/slicer.go:65.31,67.22 2 1
sampleslice/slice/slicer.go:67.22,69.4 1 1
sampleslice/slice/slicer.go:71.3,72.29 2 1
sampleslice/slice/slicer.go:72.29,74.4 1 1
sampleslice/slice/slicer.go:74.9,77.32 3 1
sampleslice/slice/slicer.go:77.32,79.5 1 1
sampleslice/slice/slicer.go:82.3,91.5 3 1
sampleslice/slice/slicer.go:94.2,94.15 1 1
sampleslice/slice/slicer.go:100.64,101.35 1 1
sampleslice/slice/slicer.go:101.35,103.3 1 1
sampleslice/slice/slicer.go:104.2,104.32 1 1
sampleslice/slice/slicer.go:104.32,106.3 1 1
sampleslice/slice/slicer.go:107.2,107.43 1 1
sampleslice/slice/slicer.go:112.38,114.16 2 1
sampleslice/slice/slicer.go:114.16,116.3 1 0
sampleslice/slice/slicer.go:117.2,117.10 1 1
sampleslice/slice/slicer.go:121.43,122.41 1 1
sampleslice/slice/slicer.go:122.41,124.3 1 1
sampleslice/slice/slicer.go:128.67,133.2 4 1
sampleslice/slice/trim.go:6.67,8.28 2 1
sampleslice/slice/trim.go:8.28,9.40 1 1
sampleslice/slice/trim.go:9.40,11.9 2 1
sampleslice/slice/trim.go:14.2,14.15 1 1
sampleslice/slice/trim.go:14.15,16.3 1 1
sampleslice/slice/trim.go:18.2,19.44 2 1
sampleslice/slice/trim.go:19.44,20.58 1 1
sampleslice/slice/trim.go:20.58,22.9 2 1
sampleslice/slice/trim.go:25.2,25.32 1 1
sampleslice/detect/transient.go:30.131,31.23 1 1
sampleslice/detect/transient.go:31.23,33.3 1 1
sampleslice/detect/transient.go:36.2,37.15 2 1
sampleslice/detect/transient.go:37.15,39.3 1 1
sampleslice/detect/transient.go:40.2,41.20 2 1
sampleslice/detect/transient.go:41.20,43.3 1 0
sampleslice/detect/transient.go:45.2,55.28 5 1
sampleslice/detect/transient.go:55.28,57.3 1 0
sampleslice/detect/transient.go:59.2,59.101 1 1
sampleslice/detect/transient.go:63.65,65.17 2 1
sampleslice/detect/transient.go:65.17,67.3 1 0
sampleslice/detect/transient.go:69.2,70.20 2 1
sampleslice/detect/transient.go:70.20,72.3 1 0
sampleslice/detect/transient.go:74.2,75.27 2 1
sampleslice/detect/transient.go:75.27,78.25 3 1
sampleslice/detect/transient.go:78.25,80.4 1 0
sampleslice/detect/transient.go:82.3,83.32 2 1
sampleslice/detect/transient.go:83.32,85.4 1 1
sampleslice/detect/transient.go:87.3,87.50 1 1
sampleslice/detect/transient.go:90.2,90.15 1 1
sampleslice/detect/transient.go:94.55,95.22 1 1
sampleslice/detect/transient.go:95.22,97.3 1 0
sampleslice/detect/transient.go:99.2,102.29 3 1
sampleslice/detect/transient.go:102.29,106.30 3 1
sampleslice/detect/transient.go:106.30,108.4 1 1
sampleslice/detect/transient.go:110.3,111.16 2 1
sampleslice/detect/transient.go:111.16,113.4 1 1
sampleslice/detect/transient.go:115.3,116.27 2 1
sampleslice/detect/transient.go:116.27,118.4 1 1
sampleslice/detect/transient.go:122.2,123.21 2 1
sampleslice/detect/transient.go:123.21,124.32 1 1
sampleslice/detect/transient.go:124.32,126.4 1 1
sampleslice/detect/transient.go:129.2,129.22 1 1
sampleslice/detect/transient.go:135.85,141.28 2 1
sampleslice/detect/transient.go:141.28,143.49 2 1
sampleslice/detect/transient.go:143.49,145.4 1 0
sampleslice/detect/transient.go:148.2,148.18 1 1
sampleslice/detect/transient.go:152.154,159.34 3 1
sampleslice/detect/transient.go:159.34,160.20 1 1
sampleslice/detect/transient.go:160.20,162.4 1 1
sampleslice/detect/transient.go:165.2,165.26 1 1
sampleslice/detect/transient.go:165.26,167.3 1 1
sampleslice/detect/transient.go:169.2,169.45 1 1
sampleslice/detect/transient.go:169.45,171.3 1 1
sampleslice/detect/transient.go:173.2,174.17 2 1
sampleslice/detect/transient.go:174.17,176.3 1 0
sampleslice/detect/transient.go:178.2,179.31 2 1
sampleslice/detect/transient.go:179.31,183.32 3 1
sampleslice/detect/transient.go:183.32,185.16 2 1
sampleslice/detect/transient.go:185.16,187.5 1 1
sampleslice/detect/transient.go:188.4,188.33 1 1
sampleslice/detect/transient.go:188.33,190.10 2 1
sampleslice/detect/transient.go:194.3,194.16 1 1
sampleslice/detect/transient.go:194.16,203.4 3 1
sampleslice/detect/transient.go:206.2,206.45 1 1
sampleslice/detect/transient.go:206.45,208.3 1 1
sampleslice/detect/transient.go:210.2,210.19 1 1
sampleslice/detect/transient.go:214.67,217.24 3 1
sampleslice/detect/transient.go:217.24,219.3 1 0
sampleslice/detect/transient.go:221.2,222.36 2 1
sampleslice/detect/transient.go:222.36,223.34 1 1
sampleslice/detect/transient.go:223.34,225.4 1 1
sampleslice/detect/transient.go:228.2,228.16 1 1
sampleslice/detect/transient.go:232.37,233.17 1 1
sampleslice/detect/transient.go:233.17,235.3 1 0
sampleslice/detect/transient.go:236.2,237.26 2 1
sampleslice/detect/transient.go:237.26,238.12 1 1
sampleslice/detect/transient.go:238.12,240.4 1 1
sampleslice/detect/transient.go:242.2,242.10 1 1
sampleslice/krz/hash.go:22.56,24.2 1 1
sampleslice/krz/hash.go:29.37,31.2 1 1
sampleslice/krz/keymap.go:45.48,46.20 1 1
sampleslice/krz/keymap.go:46.20,48.3 1 1
sampleslice/krz/keymap.go:49.2,53.3 1 1
sampleslice/krz/keymap.go:58.126,66.14 5 1
sampleslice/krz/keymap.go:66.14,69.3 1 1
sampleslice/krz/keymap.go:69.8,71.3 1 1
sampleslice/krz/keymap.go:73.2,84.14 2 1
sampleslice/krz/keymap.go:84.14,86.3 1 1
sampleslice/krz/keymap.go:88.2,88.38 1 1
sampleslice/krz/keymap.go:101.46,110.18 8 1
sampleslice/krz/keymap.go:110.18,113.3 2 0
sampleslice/krz/keymap.go:114.2,117.34 3 1
sampleslice/krz/keymap.go:117.34,121.23 3 1
sampleslice/krz/keymap.go:121.23,125.4 3 1
sampleslice/krz/keymap.go:127.3,137.28 10 1
sampleslice/krz/keymap.go:140.2,140.19 1 1
sampleslice/krz/keymap.go:140.19,142.3 1 0
sampleslice/krz/keymap.go:143.2,143.25 1 1
sampleslice/krz/keymap.go:148.47,150.16 2 1
sampleslice/krz/keymap.go:150.16,152.3 1 0
sampleslice/krz/keymap.go:154.2,155.24 2 1
sampleslice/krz/krz.go:35.38,36.19 1 1
sampleslice/krz/krz.go:36.19,38.3 1 1
sampleslice/krz/krz.go:41.43,42.19 1 1
sampleslice/krz/krz.go:42.19,44.3 1 1
sampleslice/krz/krz.go:63.37,75.2 1 1
sampleslice/krz/krz.go:79.37,91.2 1 1
sampleslice/krz/krz.go:111.42,116.2 1 1
sampleslice/krz/krz.go:119.41,121.2 1 1
sampleslice/krz/krz.go:124.45,126.2 1 1
sampleslice/krz/krz.go:131.47,132.25 1 1
sampleslice/krz/krz.go:132.25,134.3 1 1
sampleslice/krz/krz.go:135.2,135.26 1 1
sampleslice/krz/krz.go:135.26,137.3 1 1
sampleslice/krz/krz.go:139.2,153.33 6 1
sampleslice/krz/krz.go:153.33,155.3 1 1
sampleslice/krz/krz.go:158.2,161.19 3 1
sampleslice/krz/krz.go:161.19,163.3 1 0
sampleslice/krz/krz.go:167.2,172.30 5 1
sampleslice/krz/krz.go:172.30,174.3 1 0
sampleslice/krz/krz.go:177.2,187.31 4 1
sampleslice/krz/krz.go:187.31,189.17 2 1
sampleslice/krz/krz.go:189.17,191.4 1 0
sampleslice/krz/krz.go:192.3,198.30 3 1
sampleslice/krz/krz.go:202.2,202.34 1 1
sampleslice/krz/krz.go:202.34,204.17 2 1
sampleslice/krz/krz.go:204.17,206.4 1 0
sampleslice/krz/krz.go:207.3,213.30 3 1
sampleslice/krz/krz.go:218.2,218.30 1 1
sampleslice/krz/krz.go:218.30,219.26 1 1
sampleslice/krz/krz.go:219.26,221.4 1 0
sampleslice/krz/krz.go:223.3,225.31 2 1
sampleslice/krz/krz.go:229.2,229.22 1 1
sampleslice/krz/krz.go:229.22,231.3 1 0
sampleslice/krz/krz.go:234.2,234.30 1 1
sampleslice/krz/krz.go:234.30,237.23 2 1
sampleslice/krz/krz.go:237.23,239.4 1 1
sampleslice/krz/krz.go:242.2,242.19 1 1
sampleslice/krz/krz.go:242.19,244.3 1 0
sampleslice/krz/krz.go:246.2,246.25 1 1
sampleslice/krz/krz.go:250.51,251.24 1 1
sampleslice/krz/krz.go:251.24,253.3 1 1
sampleslice/krz/krz.go:254.2,254.13 1 1
sampleslice/krz/krz.go:258.40,259.14 1 1
sampleslice/krz/krz.go:259.14,261.3 1 1
sampleslice/krz/krz.go:262.2,262.16 1 1
sampleslice/krz/krz.go:262.16,264.3 1 1
sampleslice/krz/krz.go:265.2,265.21 1 1
sampleslice/krz/krz.go:269.47,270.16 1 1
sampleslice/krz/krz.go:270.16,272.3 1 1
sampleslice/krz/krz.go:273.2,273.13 1 1
sampleslice/krz/krz.go:306.41,316.2 1 1
sampleslice/krz/krz.go:319.45,320.31 1 1
sampleslice/krz/krz.go:320.31,322.3 1 1
sampleslice/krz/krz.go:326.47,327.31 1 1
sampleslice/krz/krz.go:327.31,329.3 1 1
sampleslice/krz/krz.go:333.50,334.31 1 1
sampleslice/krz/krz.go:334.31,336.3 1 1
sampleslice/krz/krz.go:340.49,341.31 1 1
sampleslice/krz/krz.go:341.31,343.3 1 1
sampleslice/krz/krz.go:347.48,348.31 1 1
sampleslice/krz/krz.go:348.31,350.3 1 1
sampleslice/krz/krz.go:354.43,355.31 1 1
sampleslice/krz/krz.go:355.31,357.3 1 1
sampleslice/krz/krz.go:361.51,362.31 1 1
sampleslice/krz/krz.go:362.31,364.3 1 1
sampleslice/krz/krz.go:381.81,382.22 1 1
sampleslice/krz/krz.go:382.22,384.3 1 1
sampleslice/krz/krz.go:386.2,387.27 2 1
sampleslice/krz/krz.go:387.27,389.3 1 1
sampleslice/krz/krz.go:391.2,398.18 4 1
sampleslice/krz/krz.go:398.18,400.3 1 1
sampleslice/krz/krz.go:403.2,403.27 1 1
sampleslice/krz/krz.go:403.27,405.18 2 1
sampleslice/krz/krz.go:405.18,407.4 1 1
sampleslice/krz/krz.go:409.3,416.4 1 1
sampleslice/krz/krz.go:419.2,445.24 7 1
sampleslice/krz/program.go:83.119,84.20 1 1
sampleslice/krz/program.go:84.20,86.3 1 1
sampleslice/krz/program.go:87.2,95.3 1 1
sampleslice/krz/program.go:100.38,106.2 4 1
sampleslice/krz/program.go:110.60,111.48 1 1
sampleslice/krz/program.go:111.48,113.3 1 1
sampleslice/krz/program.go:119.47,129.25 8 1
sampleslice/krz/program.go:129.25,131.3 1 1
sampleslice/krz/program.go:132.2,135.25 2 1
sampleslice/krz/program.go:135.25,136.23 1 1
sampleslice/krz/program.go:136.23,140.20 3 1
sampleslice/krz/program.go:140.20,142.5 1 1
sampleslice/krz/program.go:143.4,157.20 14 1
sampleslice/krz/program.go:157.20,159.5 1 0
sampleslice/krz/program.go:160.4,160.17 1 1
sampleslice/krz/program.go:160.17,162.5 1 0
sampleslice/krz/program.go:163.4,171.23 8 1
sampleslice/krz/program.go:171.23,173.5 1 0
sampleslice/krz/program.go:174.4,175.33 2 1
sampleslice/krz/program.go:176.9,178.4 1 1
sampleslice/krz/program.go:182.2,183.34 2 1
sampleslice/krz/program.go:183.34,185.3 1 1
sampleslice/krz/program.go:186.2,186.14 1 1
sampleslice/krz/program.go:186.14,188.3 1 1
sampleslice/krz/program.go:189.2,193.40 3 1
sampleslice/krz/program.go:193.40,195.3 1 1
sampleslice/krz/program.go:196.2,202.19 4 1
sampleslice/krz/program.go:202.19,204.3 1 0
sampleslice/krz/program.go:207.2,210.18 3 1
sampleslice/krz/program.go:215.48,217.16 2 1
sampleslice/krz/program.go:217.16,219.3 1 0
sampleslice/krz/program.go:221.2,222.24 2 1
sampleslice/krz/wav_convert.go:6.51,8.31 2 1
sampleslice/krz/wav_convert.go:8.31,10.3 1 1
sampleslice/krz/wav_convert.go:11.2,11.15 1 1
sampleslice/krz/wav_convert.go:19.69,20.23 1 1
sampleslice/krz/wav_convert.go:21.10,24.32 2 1
sampleslice/krz/wav_convert.go:24.32,27.4 2 1
sampleslice/krz/wav_convert.go:28.3,28.16 1 1
sampleslice/krz/wav_convert.go:29.10,32.27 2 1
sampleslice/krz/wav_convert.go:38.43,39.21 1 1
sampleslice/krz/wav_convert.go:39.21,41.3 1 1
sampleslice/krz/wav_convert.go:44.2,63.37 7 1
sampleslice/krz/wav_convert.go:63.37,70.23 6 1
sampleslice/krz/wav_convert.go:70.23,74.4 3 1
sampleslice/krz/wav_convert.go:76.3,76.74 1 1
sampleslice/krz/wav_convert.go:79.2,79.15 1 1
sampleslice/krz/wav_convert.go:83.67,88.14 3 1
sampleslice/krz/wav_convert.go:88.14,90.3 1 1
sampleslice/krz/wav_convert.go:92.2,93.16 2 1
sampleslice/krz/wav_convert.go:93.16,95.3 1 1
sampleslice/krz/wav_convert.go:98.2,98.31 1 1
sampleslice/krz/wav_convert.go:98.31,100.3 1 1
sampleslice/krz/wav_convert.go:102.2,102.14 1 1
sampleslice/krz/wav_convert.go:106.71,109.21 2 1
sampleslice/krz/wav_convert.go:109.21,111.3 1 1
sampleslice/krz/wav_convert.go:113.2,116.22 2 1
sampleslice/krz/wav_convert.go:116.22,118.3 1 1
sampleslice/krz/wav_convert.go:119.2,119.24 1 1
sampleslice/krz/wav_convert.go:119.24,121.3 1 0
sampleslice/krz/wav_convert.go:123.2,123.21 1 1
sampleslice/krz/wav_convert.go:127.78,130.18 2 1
sampleslice/krz/wav_convert.go:130.18,132.3 1 1
sampleslice/krz/wav_convert.go:133.2,133.19 1 1
sampleslice/krz/wav_convert.go:133.19,135.3 1 0
sampleslice/krz/wav_convert.go:137.2,138.18 2 1
sampleslice/krz/wav_convert.go:138.18,140.3 1 0
sampleslice/krz/wav_convert.go:141.2,141.19 1 1
sampleslice/krz/wav_convert.go:141.19,143.3 1 1
sampleslice/krz/wav_convert.go:145.2,145.17 1 1
sampleslice/internal/app/app.go:24.46,26.28 2 1
sampleslice/internal/app/app.go:26.28,28.16 2 1
sampleslice/internal/app/app.go:28.16,30.4 1 1
sampleslice/internal/app/app.go:30.9,30.24 1 1
sampleslice/internal/app/app.go:30.24,32.4 1 1
sampleslice/internal/app/app.go:33.3,33.20 1 1
sampleslice/internal/app/app.go:35.2,35.12 1 1
sampleslice/internal/app/app.go:41.36,42.39 1 0
sampleslice/internal/app/app.go:42.39,44.3 1 0
sampleslice/internal/app/app.go:46.2,46.58 1 0
sampleslice/internal/app/app.go:46.58,48.3 1 0
sampleslice/internal/app/app.go:50.2,51.21 2 0
sampleslice/internal/app/app.go:51.21,56.3 4 0
sampleslice/internal/app/app.go:58.2,59.23 2 0
sampleslice/internal/app/app.go:59.23,61.3 1 0
sampleslice/internal/app/app.go:63.2,72.16 7 0
sampleslice/internal/app/app.go:72.16,74.3 1 0
sampleslice/internal/app/app.go:75.2,91.17 12 0
sampleslice/internal/app/app.go:91.17,102.28 4 0
sampleslice/internal/app/app.go:102.28,106.4 3 0
sampleslice/internal/app/app.go:107.3,107.62 1 0
sampleslice/internal/app/app.go:108.8,116.26 4 0
sampleslice/internal/app/app.go:116.26,119.4 2 0
sampleslice/internal/app/app.go:120.3,122.27 2 0
sampleslice/internal/app/app.go:122.27,126.4 3 0
sampleslice/internal/app/app.go:128.3,133.56 2 0
sampleslice/internal/app/app.go:136.2,136.33 1 0
sampleslice/internal/app/app.go:136.33,140.3 3 0
sampleslice/internal/app/app.go:141.2,144.20 3 0
sampleslice/internal/app/app.go:144.20,148.3 2 0
sampleslice/internal/app/app.go:151.2,151.53 1 0
sampleslice/internal/app/app.go:151.53,153.3 1 0
sampleslice/internal/app/app.go:156.2,159.28 2 0
sampleslice/internal/app/app.go:159.28,162.27 3 0
sampleslice/internal/app/app.go:163.15,164.58 1 0
sampleslice/internal/app/app.go:164.58,166.5 1 0
sampleslice/internal/app/app.go:167.14,168.57 1 0
sampleslice/internal/app/app.go:168.57,170.5 1 0
sampleslice/internal/app/app.go:171.11,172.90 1 0
sampleslice/internal/app/app.go:174.3,174.43 1 0
sampleslice/internal/app/app.go:178.2,179.24 2 0
sampleslice/internal/app/app.go:179.24,181.3 1 0
sampleslice/internal/app/app.go:183.2,183.22 1 0
sampleslice/internal/app/app.go:184.42,185.102 1 0
sampleslice/internal/app/app.go:186.24,187.117 1 0
sampleslice/internal/app/app.go:188.25,190.17 2 0
sampleslice/internal/app/app.go:190.17,192.4 1 0
sampleslice/internal/app/app.go:193.10,194.67 1 0
sampleslice/internal/app/app.go:197.2,197.16 1 0
sampleslice/internal/app/app.go:197.16,199.3 1 0
sampleslice/internal/app/app.go:201.2,207.12 6 0
sampleslice/internal/app/app.go:211.199,215.32 3 0
sampleslice/internal/app/app.go:215.32,217.19 2 0
sampleslice/internal/app/app.go:217.19,219.4 1 0
sampleslice/internal/app/app.go:220.3,220.20 1 0
sampleslice/internal/app/app.go:220.20,222.4 1 0
sampleslice/internal/app/app.go:223.3,235.4 5 0
sampleslice/internal/app/app.go:238.2,239.47 2 0
sampleslice/internal/app/app.go:239.47,241.3 1 0
sampleslice/internal/app/app.go:243.2,244.36 2 0
sampleslice/internal/app/app.go:244.36,246.3 1 0
sampleslice/internal/app/app.go:247.2,247.33 1 0
sampleslice/internal/app/app.go:247.33,249.3 1 0
sampleslice/internal/app/app.go:251.2,252.21 2 0
sampleslice/internal/app/app.go:252.21,254.3 1 0
sampleslice/internal/app/app.go:256.2,256.26 1 0
sampleslice/internal/app/app.go:256.26,259.3 2 0
sampleslice/internal/app/app.go:261.2,270.16 2 0
sampleslice/internal/app/app.go:270.16,272.3 1 0
sampleslice/internal/app/app.go:274.2,275.61 2 0
sampleslice/internal/app/app.go:275.61,277.3 1 0
sampleslice/internal/app/app.go:279.2,285.22 7 0
sampleslice/internal/app/app.go:285.22,287.3 1 0
sampleslice/internal/app/app.go:288.2,290.12 2 0
sampleslice/internal/app/app.go:295.172,299.32 3 0
sampleslice/internal/app/app.go:299.32,301.17 2 0
sampleslice/internal/app/app.go:301.17,303.12 2 0
sampleslice/internal/app/app.go:305.3,305.19 1 0
sampleslice/internal/app/app.go:305.19,307.4 1 0
sampleslice/internal/app/app.go:308.3,308.20 1 0
sampleslice/internal/app/app.go:308.20,310.4 1 0
sampleslice/internal/app/app.go:311.3,311.38 1 0
sampleslice/internal/app/app.go:314.2,315.16 2 0
sampleslice/internal/app/app.go:315.16,317.3 1 0
sampleslice/internal/app/app.go:319.2,323.12 5 0
sampleslice/internal/app/app.go:327.44,328.21 1 1
sampleslice/internal/app/app.go:328.21,330.3 1 1
sampleslice/internal/app/app.go:331.2,331.19 1 1
sampleslice/internal/app/app.go:335.47,336.20 1 0
sampleslice/internal/app/app.go:336.20,338.3 1 0
sampleslice/internal/app/app.go:339.2,339.19 1 0
sampleslice/internal/app/app.go:343.46,344.11 1 1
sampleslice/internal/app/app.go:345.25,346.23 1 1
sampleslice/internal/app/app.go:347.25,348.29 1 1
sampleslice/internal/app/app.go:349.10,350.19 1 1
sampleslice/internal/app/app.go:356.55,357.23 1 1
sampleslice/internal/app/app.go:357.23,359.3 1 1
sampleslice/internal/app/app.go:360.2,361.32 2 1
sampleslice/internal/app/app.go:361.32,363.68 2 1
sampleslice/internal/app/app.go:363.68,365.12 2 1
sampleslice/internal/app/app.go:367.3,367.29 1 1
sampleslice/internal/app/app.go:367.29,369.16 2 1
sampleslice/internal/app/app.go:369.16,371.5 1 1
sampleslice/internal/app/app.go:371.10,373.5 1 1
sampleslice/internal/app/app.go:375.3,375.21 1 1
sampleslice/internal/app/app.go:377.2,377.15 1 1
sampleslice/internal/app/app.go:382.103,383.28 1 1
sampleslice/internal/app/app.go:383.28,384.48 1 1
sampleslice/internal/app/app.go:384.48,386.4 1 1
sampleslice/internal/app/app.go:389.2,389.15 1 1
sampleslice/internal/app/app.go:389.15,390.41 1 1
sampleslice/internal/app/app.go:390.41,392.4 1 1
sampleslice/internal/app/app.go:393.3,393.90 1 0
sampleslice/internal/app/app.go:396.2,396.40 1 1
sampleslice/midi/midi.go:52.51,54.25 2 1
sampleslice/midi/midi.go:54.25,55.27 1 1
sampleslice/midi/midi.go:55.27,57.4 1 1
sampleslice/midi/midi.go:57.9,59.4 1 1
sampleslice/midi/midi.go:61.2,62.24 2 1
sampleslice/midi/midi.go:67.43,71.25 4 1
sampleslice/midi/midi.go:71.25,72.27 1 1
sampleslice/midi/midi.go:72.27,74.4 1 1
sampleslice/midi/midi.go:74.9,76.4 1 1
sampleslice/midi/midi.go:78.2,79.17 2 1
sampleslice/midi/midi.go:79.17,82.3 1 1
sampleslice/midi/midi.go:83.2,84.9 2 1
sampleslice/midi/midi.go:84.9,86.3 1 1
sampleslice/midi/midi.go:87.2,87.33 1 1
sampleslice/midi/midi.go:91.31,95.2 3 1
sampleslice/report/report.go:37.105,40.27 3 1
sampleslice/report/report.go:40.27,44.17 4 1
sampleslice/report/report.go:44.17,46.4 1 0
sampleslice/report/report.go:47.3,57.5 1 1
sampleslice/report/report.go:59.2,65.3 1 1
sampleslice/report/report.go:69.46,71.16 2 1
sampleslice/report/report.go:71.16,73.3 1 0
sampleslice/report/report.go:74.2,74.55 1 1
sampleslice/report/report.go:74.55,76.3 1 0
sampleslice/report/report.go:77.2,77.12 1 1
sampleslice/report/report.go:81.45,83.16 2 1
sampleslice/report/report.go:83.16,85.3 1 0
sampleslice/report/report.go:86.2,94.40 4 1
sampleslice/report/report.go:94.40,96.3 1 0
sampleslice/report/report.go:97.2,97.29 1 1
sampleslice/report/report.go:97.29,109.38 2 1
sampleslice/report/report.go:109.38,111.4 1 0
sampleslice/report/report.go:113.2,114.18 2 1
sampleslice/cmd/completion.go:35.54,36.18 1 0
sampleslice/cmd/completion.go:37.15,38.50 1 0
sampleslice/cmd/completion.go:39.14,40.49 1 0
sampleslice/cmd/completion.go:41.15,42.56 1 0
sampleslice/cmd/completion.go:43.21,44.64 1 0
sampleslice/cmd/completion.go:45.11,46.91 1 0
sampleslice/cmd/completion.go:51.13,53.2 1 1
sampleslice/cmd/root.go:26.67,28.3 1 1
sampleslice/cmd/root.go:32.55,34.41 2 1
sampleslice/cmd/root.go:34.41,36.3 1 0
sampleslice/cmd/root.go:38.2,39.39 2 1
sampleslice/cmd/root.go:39.39,41.3 1 0
sampleslice/cmd/root.go:41.8,41.46 1 1
sampleslice/cmd/root.go:41.46,43.3 1 0
sampleslice/cmd/root.go:45.2,46.47 2 1
sampleslice/cmd/root.go:46.47,48.17 2 0
sampleslice/cmd/root.go:48.17,50.4 1 0
sampleslice/cmd/root.go:51.3,51.20 1 0
sampleslice/cmd/root.go:52.8,52.67 1 1
sampleslice/cmd/root.go:52.67,53.52 1 0
sampleslice/cmd/root.go:53.52,55.4 1 0
sampleslice/cmd/root.go:55.9,57.4 1 0
sampleslice/cmd/root.go:60.2,61.45 2 1
sampleslice/cmd/root.go:61.45,63.3 1 0
sampleslice/cmd/root.go:65.2,99.21 2 1
sampleslice/cmd/root.go:104.41,105.75 1 1
sampleslice/cmd/root.go:105.75,106.80 1 0
sampleslice/cmd/root.go:111.22,113.2 1 0
sampleslice/cmd/root.go:115.13,176.85 56 1
sampleslice/cmd/root.go:176.85,178.4 1 0
sampleslice/cmd/root.go:179.2,180.85 1 1
sampleslice/cmd/root.go:180.85,182.4 1 0
sampleslice/cmd/root.go:183.2,184.85 1 1
sampleslice/cmd/root.go:184.85,186.4 1 0
sampleslice/cmd/root.go:187.2,188.85 1 1
sampleslice/cmd/root.go:188.85,190.4 1 0
sampleslice/cmd/root.go:194.25,195.19 1 1
sampleslice/cmd/root.go:195.19,197.3 1 0
sampleslice/cmd/root.go:197.8,199.17 2 1
sampleslice/cmd/root.go:199.17,201.4 1 0
sampleslice/cmd/root.go:202.3,205.26 4 1
sampleslice/cmd/root.go:208.2,211.41 3 1
sampleslice/cmd/root.go:211.41,213.3 1 0
sampleslice/cmd/root.go:214.2,214.12 1 1
sampleslice/cmd/version.go:21.54,27.3 5 1
sampleslice/cmd/version.go:30.13,32.2 1 1
sampleslice/input/wav.go:25.45,27.16 2 1
sampleslice/input/wav.go:27.16,29.3 1 1
sampleslice/input/wav.go:30.2,32.20 2 1
sampleslice/input/wav.go:37.46,40.50 2 1
sampleslice/input/wav.go:40.50,42.3 1 1
sampleslice/input/wav.go:45.2,45.35 1 1
sampleslice/input/wav.go:45.35,47.3 1 1
sampleslice/input/wav.go:48.2,48.36 1 1
sampleslice/input/wav.go:48.36,50.3 1 0
sampleslice/input/wav.go:53.2,59.6 6 1
sampleslice/input/wav.go:59.6,63.30 3 1
sampleslice/input/wav.go:63.30,64.9 1 1
sampleslice/input/wav.go:66.3,66.34 1 1
sampleslice/input/wav.go:66.34,68.4 1 0
sampleslice/input/wav.go:70.3,73.18 3 1
sampleslice/input/wav.go:74.15,76.53 2 1
sampleslice/input/wav.go:76.53,78.5 1 0
sampleslice/input/wav.go:80.4,80.25 1 1
sampleslice/input/wav.go:80.25,82.5 1 0
sampleslice/input/wav.go:83.4,84.24 2 1
sampleslice/input/wav.go:84.24,86.5 1 0
sampleslice/input/wav.go:87.4,89.62 3 1
sampleslice/input/wav.go:91.15,93.55 2 1
sampleslice/input/wav.go:93.55,95.5 1 0
sampleslice/input/wav.go:97.11,99.71 1 1
sampleslice/input/wav.go:99.71,101.5 1 0
sampleslice/input/wav.go:105.2,105.25 1 1
sampleslice/input/wav.go:105.25,107.3 1 0
sampleslice/input/wav.go:110.2,111.16 2 1
sampleslice/input/wav.go:111.16,113.3 1 0
sampleslice/input/wav.go:115.2,123.8 2 1
sampleslice/input/wav.go:128.87,132.34 3 1
sampleslice/input/wav.go:132.34,134.3 1 0
sampleslice/input/wav.go:136.2,139.23 3 1
sampleslice/input/wav.go:140.10,141.34 1 1
sampleslice/input/wav.go:141.34,144.42 3 1
sampleslice/input/wav.go:144.42,147.5 2 1
sampleslice/input/wav.go:148.4,148.40 1 1
sampleslice/input/wav.go:151.10,152.34 1 0
sampleslice/input/wav.go:152.34,155.42 3 0
sampleslice/input/wav.go:155.42,160.24 3 0
sampleslice/input/wav.go:160.24,162.6 1 0
sampleslice/input/wav.go:163.5,163.36 1 0
sampleslice/input/wav.go:165.4,165.40 1 0
sampleslice/input/wav.go:168.10,169.34 1 0
sampleslice/input/wav.go:169.34,172.42 3 0
sampleslice/input/wav.go:172.42,176.5 3 0
sampleslice/input/wav.go:177.4,177.40 1 0
sampleslice/input/wav.go:180.10,181.74 1 0
sampleslice/input/wav.go:184.2,184.21 1 1
sampleslice/input/wav.go:199.47,208.2 1 1
sampleslice/input/wav.go:211.43,215.46 4 0
sampleslice/input/wav.go:215.46,217.3 1 0
sampleslice/mpc/program.go:56.120,57.22 1 1
sampleslice/mpc/program.go:57.22,59.3 1 1
sampleslice/mpc/program.go:61.2,61.53 1 1
sampleslice/mpc/program.go:61.53,63.3 1 0
sampleslice/mpc/program.go:65.2,70.27 2 1
sampleslice/mpc/program.go:70.27,77.17 6 1
sampleslice/mpc/program.go:77.17,79.4 1 1
sampleslice/mpc/program.go:81.3,88.5 1 1
sampleslice/mpc/program.go:91.2,92.55 2 1
sampleslice/mpc/program.go:92.55,94.3 1 0
sampleslice/mpc/program.go:96.2,96.21 1 1
sampleslice/mpc/program.go:100.43,103.2 2 1
sampleslice/mpc/program.go:125.56,127.16 2 1
sampleslice/mpc/program.go:127.16,129.3 1 0
sampleslice/mpc/program.go:130.2,132.54 2 1
sampleslice/mpc/program.go:132.54,134.3 1 0
sampleslice/mpc/program.go:136.2,136.72 1 1
sampleslice/mpc/program.go:136.72,138.3 1 0
sampleslice/mpc/program.go:140.2,142.49 3 1
sampleslice/mpc/program.go:142.49,144.3 1 0
sampleslice/mpc/program.go:146.2,147.31 2 1
sampleslice/mpc/program.go:147.31,149.3 1 1
sampleslice/mpc/program.go:150.2,150.71 1 1
sampleslice/mpc/program.go:150.71,152.3 1 0
sampleslice/mpc/program.go:154.2,155.35 2 1
sampleslice/mpc/program.go:155.35,156.32 1 1
sampleslice/mpc/program.go:156.32,157.9 1 1
sampleslice/mpc/program.go:159.3,159.21 1 1
sampleslice/mpc/program.go:159.21,160.12 1 0
sampleslice/mpc/program.go:163.3,163.79 1 1
sampleslice/mpc/program.go:163.79,165.4 1 0
sampleslice/mpc/program.go:166.3,166.80 1 1
sampleslice/mpc/program.go:166.80,168.4 1 0
sampleslice/mpc/program.go:169.3,169.79 1 1
sampleslice/mpc/program.go:169.79,171.4 1 0
sampleslice/mpc/program.go:173.3,174.27 2 1
sampleslice/mpc/program.go:174.27,176.4 1 0
sampleslice/mpc/program.go:177.3,179.52 3 1
sampleslice/mpc/program.go:179.52,181.4 1 0
sampleslice/mpc/program.go:183.3,183.76 1 1
sampleslice/mpc/program.go:183.76,185.4 1 0
sampleslice/mpc/program.go:186.3,186.74 1 1
sampleslice/mpc/program.go:186.74,188.4 1 0
sampleslice/mpc/program.go:189.3,189.72 1 1
sampleslice/mpc/program.go:189.72,191.4 1 0
sampleslice/mpc/program.go:192.3,192.73 1 1
sampleslice/mpc/program.go:192.73,194.4 1 0
sampleslice/mpc/program.go:195.3,195.12 1 1
sampleslice/mpc/program.go:198.2,198.12 1 1
sampleslice/mpc/program.go:202.41,207.35 4 0
sampleslice/mpc/program.go:207.35,211.3 2 0
sampleslice/mpc/program.go:213.2,215.45 3 0
sampleslice/mpc/program.go:219.43,220.15 1 0
sampleslice/mpc/program.go:221.21,222.17 1 0
sampleslice/mpc/program.go:223.19,224.15 1 0
sampleslice/mpc/program.go:225.21,226.17 1 0
sampleslice/mpc/program.go:227.22,228.18 1 0
sampleslice/mpc/program.go:229.10,230.19 1 0
sampleslice/mpc/program.go:235.49,238.28 2 1
sampleslice/mpc/program.go:238.28,240.3 1 1
sampleslice/mpc/program.go:242.2,242.40 1 1
sampleslice/mpc/program.go:242.40,244.3 1 1
sampleslice/mpc/program.go:246.2,247.35 2 1
sampleslice/mpc/program.go:247.35,248.21 1 1
sampleslice/mpc/program.go:248.21,250.4 1 1
sampleslice/mpc/program.go:251.3,251.24 1 1
sampleslice/mpc/program.go:254.2,255.52 2 1
sampleslice/mpc/program.go:255.52,257.3 1 1
sampleslice/mpc/program.go:259.2,259.17 1 1
sampleslice/mpc/program.go:264.87,265.29 1 1
sampleslice/mpc/program.go:265.29,267.3 1 1
sampleslice/mpc/program.go:268.2,268.87 1 1
sampleslice/mpc/program.go:274.124,275.22 1 1
sampleslice/mpc/program.go:275.22,277.3 1 1
sampleslice/mpc/program.go:279.2,282.51 3 1
sampleslice/mpc/program.go:282.51,284.24 2 1
sampleslice/mpc/program.go:284.24,286.4 1 1
sampleslice/mpc/program.go:288.3,293.27 3 1
sampleslice/mpc/program.go:293.27,296.23 3 1
sampleslice/mpc/program.go:296.23,298.5 1 1
sampleslice/mpc/program.go:299.4,299.49 1 1
sampleslice/mpc/program.go:302.3,303.35 2 1
sampleslice/mpc/program.go:303.35,306.4 2 1
sampleslice/mpc/program.go:306.9,308.4 1 1
sampleslice/mpc/program.go:310.3,311.17 2 1
sampleslice/mpc/program.go:311.17,313.4 1 0
sampleslice/mpc/program.go:315.3,316.17 2 1
sampleslice/mpc/program.go:319.2,319.22 1 1
sampleslice/mpc/program.go:323.46,325.25 2 1
sampleslice/mpc/program.go:325.25,327.51 1 1
sampleslice/mpc/program.go:327.51,329.4 1 1
sampleslice/mpc/program.go:329.9,329.22 1 1
sampleslice/mpc/program.go:329.22,331.4 1 1
sampleslice/mpc/program.go:333.2,337.26 4 1
sampleslice/mpc/program.go:337.26,338.14 1 1
sampleslice/mpc/program.go:338.14,340.4 1 1
sampleslice/mpc/program.go:342.2,342.35 1 1
sampleslice/mpc/xpm.go:77.21,78.22 1 1
sampleslice/mpc/xpm.go:78.22,80.3 1 1
sampleslice/mpc/xpm.go:81.2,81.53 1 1
sampleslice/mpc/xpm.go:81.53,83.3 1 0
sampleslice/mpc/xpm.go:85.2,86.54 2 1
sampleslice/mpc/xpm.go:86.54,88.3 1 0
sampleslice/mpc/xpm.go:90.2,107.27 3 1
sampleslice/mpc/xpm.go:107.27,112.56 4 1
sampleslice/mpc/xpm.go:112.56,114.38 2 1
sampleslice/mpc/xpm.go:114.38,116.5 1 1
sampleslice/mpc/xpm.go:118.3,118.76 1 1
sampleslice/mpc/xpm.go:118.76,120.4 1 0
sampleslice/mpc/xpm.go:122.3,127.17 5 1
sampleslice/mpc/xpm.go:127.17,129.4 1 0
sampleslice/mpc/xpm.go:131.3,141.28 3 1
sampleslice/mpc/xpm.go:141.28,143.4 1 1
sampleslice/mpc/xpm.go:145.3,166.5 1 1
sampleslice/mpc/xpm.go:169.2,170.16 2 1
sampleslice/mpc/xpm.go:170.16,172.3 1 0
sampleslice/mpc/xpm.go:174.2,176.61 3 1
sampleslice/mpc/xpm.go:176.61,178.3 1 0
sampleslice/mpc/xpm.go:180.2,180.21 1 1
sampleslice/output/wav.go:13.72,15.16 2 1
sampleslice/output/wav.go:15.16,17.3 1 1
sampleslice/output/wav.go:18.2,20.49 2 1
sampleslice/output/wav.go:25.80,31.47 4 1
sampleslice/output/wav.go:31.47,33.3 1 0
sampleslice/output/wav.go:35.2,35.51 1 1
sampleslice/output/wav.go:35.51,37.3 1 0
sampleslice/output/wav.go:39.2,39.47 1 1
sampleslice/output/wav.go:39.47,41.3 1 0
sampleslice/output/wav.go:44.2,44.47 1 1
sampleslice/output/wav.go:44.47,46.3 1 0
sampleslice/output/wav.go:48.2,48.45 1 1
sampleslice/output/wav.go:48.45,50.3 1 0
sampleslice/output/wav.go:52.2,52.44 1 1
sampleslice/output/wav.go:52.44,54.3 1 0
sampleslice/output/wav.go:56.2,56.44 1 1
sampleslice/output/wav.go:56.44,58.3 1 0
sampleslice/output/wav.go:60.2,60.53 1 1
sampleslice/output/wav.go:60.53,62.3 1 0
sampleslice/output/wav.go:64.2,64.55 1 1
sampleslice/output/wav.go:64.55,66.3 1 0
sampleslice/output/wav.go:68.2,68.44 1 1
sampleslice/output/wav.go:68.44,70.3 1 0
sampleslice/output/wav.go:72.2,72.45 1 1
sampleslice/output/wav.go:72.45,74.3 1 0
sampleslice/output/wav.go:77.2,77.47 1 1
sampleslice/output/wav.go:77.47,79.3 1 0
sampleslice/output/wav.go:81.2,81.59 1 1
sampleslice/output/wav.go:81.59,83.3 1 0
sampleslice/output/wav.go:86.2,86.33 1 1
sampleslice/output/wav.go:86.33,88.19 1 1
sampleslice/output/wav.go:88.19,90.4 1 1
sampleslice/output/wav.go:90.9,90.27 1 1
sampleslice/output/wav.go:90.27,92.4 1 1
sampleslice/output/wav.go:95.3,96.46 2 1
sampleslice/output/wav.go:96.46,98.4 1 0
sampleslice/output/wav.go:101.2,101.12 1 1
sampleslice/output/wav.go:106.47,109.2 2 1
sampleslice/output/wav.go:111.49,116.2 4 1
sampleslice/output/wav.go:118.49,123.2 4 1
sampleslice/output/wav.go:125.47,130.2 4 1
